
[1m[46m RUN [49m[22m [36mv4.0.18 [39m[90mC:/Users/namsi/Desktop/Projects/House Price Prediction/frontend[39m

 [31mΓ¥»[39m src/__tests__/App.test.tsx [2m([22m[2m3 tests[22m[2m | [22m[31m3 failed[39m[2m)[22m[32m 19[2mms[22m[39m
[31m     [31m├ù[31m renders idle state correctly and prompts for API key if missing[39m[32m 14[2mms[22m[39m
[31m     [31m├ù[31m transitions to loading state upon submission and then success[39m[32m 2[2mms[22m[39m
[31m     [31m├ù[31m transitions to error state upon network failure[39m[32m 2[2mms[22m[39m
node.exe : 
At line:1 char:1
+ & "C:\Program 
Files\nodejs/node.exe" 
"C:\Program 
Files\nodejs/node_mo 
...
+ ~~~~~~~~~~~~~~~~~~~~~
~~~~~~~~~~~~~~~~~~~~~~~
~~~~~~~~~~~~~~~~~~~~~~~
~~
    + CategoryInfo     
         : NotSpecifi  
  ed: (:String) [],    
 RemoteException
    + FullyQualifiedEr 
   rorId : NativeComm  
  andError
 
[31mΓÄ»ΓÄ»ΓÄ»ΓÄ»ΓÄ»ΓÄ»
ΓÄ»[39m[1m[41m 
Failed Tests 3 [49m[2
2m[31mΓÄ»ΓÄ»ΓÄ»ΓÄ»ΓÄ»Γ
Ä»ΓÄ»[39m

[41m[1m FAIL 
[22m[49m src/__tests_
_/App.test.tsx[2m > 
[22mHouse Price 
Predictor State 
Machine[2m > 
[22mrenders idle 
state correctly and 
prompts for API key if 
missing
[41m[1m FAIL 
[22m[49m src/__tests_
_/App.test.tsx[2m > 
[22mHouse Price 
Predictor State 
Machine[2m > 
[22mtransitions to 
loading state upon 
submission and then 
success
[41m[1m FAIL 
[22m[49m src/__tests_
_/App.test.tsx[2m > 
[22mHouse Price 
Predictor State 
Machine[2m > 
[22mtransitions to 
error state upon 
network failure
[31m[1mReferenceError
[22m: Settings is not 
defined[39m
[36m [2mΓ¥»[22m App 
src/App.tsx:[2m134:30
[22m[39m
    [90m132| [39m    
                       
 [33mtitle[39m[33m=
[39m[32m"Agent 
Settings"[39m
    [90m133| [39m    
                    
[33m>[39m
    [90m134| [39m    
                       
 <Settings size={20} cl
assName="text-brand-ΓÇª
    [90m   | [39m    
                       
  [31m^[39m
    [90m135| [39m    
                    [3
3m<[39m[33m/[39m[33
mbutton[39m[33m>[39m
    [90m136| [39m    
                [33m<
[39m[33m/[39m[33mdiv
[39m[33m>[39m
[90m [2mΓ¥»[22m Obje
ct.react_stack_bottom_f
rame node_modules/react
-dom/cjs/react-dom-clie
nt.development.js:[2m2
5904:20[22m[39m
[90m [2mΓ¥»[22m 
renderWithHooks node_mo
dules/react-dom/cjs/rea
ct-dom-client.developme
nt.js:[2m7662:22[22m
[39m
[90m [2mΓ¥»[22m upda
teFunctionComponent nod
e_modules/react-dom/cjs
/react-dom-client.devel
opment.js:[2m10166:19
[22m[39m
[90m [2mΓ¥»[22m 
beginWork node_modules/
react-dom/cjs/react-dom
-client.development.js:
[2m11778:18[22m[39m
[90m [2mΓ¥»[22m 
runWithFiberInDEV node_
modules/react-dom/cjs/r
eact-dom-client.develop
ment.js:[2m874:13[22m
[39m
[90m [2mΓ¥»[22m 
performUnitOfWork node_
modules/react-dom/cjs/r
eact-dom-client.develop
ment.js:[2m17641:22[2
2m[39m
[90m [2mΓ¥»[22m 
workLoopSync node_modul
es/react-dom/cjs/react-
dom-client.development.
js:[2m17469:41[22m[3
9m
[90m [2mΓ¥»[22m 
renderRootSync node_mod
ules/react-dom/cjs/reac
t-dom-client.developmen
t.js:[2m17450:11[22m
[39m
[90m [2mΓ¥»[22m 
performWorkOnRoot node_
modules/react-dom/cjs/r
eact-dom-client.develop
ment.js:[2m16583:35[2
2m[39m

[31m[2mΓÄ»ΓÄ»ΓÄ»ΓÄ»ΓÄ
»ΓÄ»ΓÄ»ΓÄ»ΓÄ»ΓÄ»ΓÄ»ΓÄ»Γ
Ä»ΓÄ»ΓÄ»ΓÄ»ΓÄ»ΓÄ»ΓÄ»ΓÄ»
ΓÄ»ΓÄ»ΓÄ»ΓÄ»[1/3]ΓÄ»[2
2m[39m


[2m Test Files [22m [1m[31m1 failed[39m[22m[90m (1)[39m
[2m      Tests [22m [1m[31m3 failed[39m[22m[90m (3)[39m
[2m   Start at [22m 00:38:38
[2m   Duration [22m 1.16s[2m (transform 89ms, setup 78ms, import 276ms, tests 19ms, environment 652ms)[22m

